/home/hugo/Área de trabalho/Ciência da Computação - CEDETEG/Introdução a Ciência de Dados/.venv/bin/python: can't open file '/home/hugo/Área de trabalho/Ciência da Computação - CEDETEG/Introdução a Ciência de Dados/Trabalho_2/main_job.py': [Errno 2] No such file or directory
Tentando atualização incremental...
Coleta dos dados...
Baixando os dados de 2026-04... Sucesso!
Calculando para o ano de 2026...  Concluído!
Calculando para o ano de 2026...  Concluído!
Calculando o gasto por orgão para o ano de 2026...
1 de 2026 inserido em despesas_governo_federal!
2 de 2026 inserido em despesas_governo_federal!
3 de 2026 inserido em despesas_governo_federal!
4 de 2026 inserido em despesas_governo_federal!
Aviso: Arquivo dados_202605.json não encontrado. Pulando...
Aviso: Arquivo dados_202606.json não encontrado. Pulando...
Aviso: Arquivo dados_202607.json não encontrado. Pulando...
Aviso: Arquivo dados_202608.json não encontrado. Pulando...
Aviso: Arquivo dados_202609.json não encontrado. Pulando...
Aviso: Arquivo dados_202610.json não encontrado. Pulando...
Aviso: Arquivo dados_202611.json não encontrado. Pulando...
Aviso: Arquivo dados_202612.json não encontrado. Pulando...
Dados inseridos em soma_despesas_anuais_governo_federal!
Dados inseridos em soma_despesas_anuais_por_orgão!
Atualização concluída com sucesso!
Tentando atualização incremental...
Coleta dos dados...
Baixando os dados de 2026-04... Sucesso!
Calculando para o ano de 2026...  Concluído!
Calculando para o ano de 2026...  Concluído!
Calculando o gasto por orgão para o ano de 2026...
1 de 2026 inserido em despesas_governo_federal!
2 de 2026 inserido em despesas_governo_federal!
3 de 2026 inserido em despesas_governo_federal!
4 de 2026 inserido em despesas_governo_federal!
Aviso: Arquivo dados_202605.json não encontrado. Pulando...
Aviso: Arquivo dados_202606.json não encontrado. Pulando...
Aviso: Arquivo dados_202607.json não encontrado. Pulando...
Aviso: Arquivo dados_202608.json não encontrado. Pulando...
Aviso: Arquivo dados_202609.json não encontrado. Pulando...
Aviso: Arquivo dados_202610.json não encontrado. Pulando...
Aviso: Arquivo dados_202611.json não encontrado. Pulando...
Aviso: Arquivo dados_202612.json não encontrado. Pulando...
Dados inseridos em soma_despesas_anuais_governo_federal!
Dados inseridos em soma_despesas_anuais_por_orgão!
Atualização concluída com sucesso!
Tentando atualização incremental...
Coleta dos dados...
Baixando os dados de 2026-04... Sucesso!
Calculando para o ano de 2026...  Concluído!
Calculando para o ano de 2026...  Concluído!
Calculando o gasto por orgão para o ano de 2026...
1 de 2026 inserido em despesas_governo_federal!
2 de 2026 inserido em despesas_governo_federal!
3 de 2026 inserido em despesas_governo_federal!
4 de 2026 inserido em despesas_governo_federal!
Aviso: Arquivo dados_202605.json não encontrado. Pulando...
Aviso: Arquivo dados_202606.json não encontrado. Pulando...
Aviso: Arquivo dados_202607.json não encontrado. Pulando...
Aviso: Arquivo dados_202608.json não encontrado. Pulando...
Aviso: Arquivo dados_202609.json não encontrado. Pulando...
Aviso: Arquivo dados_202610.json não encontrado. Pulando...
Aviso: Arquivo dados_202611.json não encontrado. Pulando...
Aviso: Arquivo dados_202612.json não encontrado. Pulando...
Dados inseridos em soma_despesas_anuais_governo_federal!
Dados inseridos em soma_despesas_anuais_por_orgão!
Atualização concluída com sucesso!
Tentando atualização incremental...
Coleta dos dados...
Baixando os dados de 2026-04... Sucesso!
Calculando para o ano de 2026...  Concluído!
Calculando para o ano de 2026...  Concluído!
Calculando o gasto por orgão para o ano de 2026...
1 de 2026 inserido em despesas_governo_federal!
2 de 2026 inserido em despesas_governo_federal!
3 de 2026 inserido em despesas_governo_federal!
4 de 2026 inserido em despesas_governo_federal!
Aviso: Arquivo dados_202605.json não encontrado. Pulando...
Aviso: Arquivo dados_202606.json não encontrado. Pulando...
Aviso: Arquivo dados_202607.json não encontrado. Pulando...
Aviso: Arquivo dados_202608.json não encontrado. Pulando...
Aviso: Arquivo dados_202609.json não encontrado. Pulando...
Aviso: Arquivo dados_202610.json não encontrado. Pulando...
Aviso: Arquivo dados_202611.json não encontrado. Pulando...
Aviso: Arquivo dados_202612.json não encontrado. Pulando...
Dados inseridos em soma_despesas_anuais_governo_federal!
Dados inseridos em soma_despesas_anuais_por_orgão!
Atualização concluída com sucesso!
Tentando atualização incremental...
Coleta dos dados...
Baixando os dados de 2026-04... Sucesso!
Calculando para o ano de 2026...  Concluído!
Calculando para o ano de 2026...  Concluído!
Calculando o gasto por orgão para o ano de 2026...
1 de 2026 inserido em despesas_governo_federal!
2 de 2026 inserido em despesas_governo_federal!
3 de 2026 inserido em despesas_governo_federal!
4 de 2026 inserido em despesas_governo_federal!
Aviso: Arquivo dados_202605.json não encontrado. Pulando...
Aviso: Arquivo dados_202606.json não encontrado. Pulando...
Aviso: Arquivo dados_202607.json não encontrado. Pulando...
Aviso: Arquivo dados_202608.json não encontrado. Pulando...
Aviso: Arquivo dados_202609.json não encontrado. Pulando...
Aviso: Arquivo dados_202610.json não encontrado. Pulando...
Aviso: Arquivo dados_202611.json não encontrado. Pulando...
Aviso: Arquivo dados_202612.json não encontrado. Pulando...
Dados inseridos em soma_despesas_anuais_governo_federal!
Dados inseridos em soma_despesas_anuais_por_orgão!
Atualização concluída com sucesso!
Tentando atualização incremental...
Coleta dos dados...
Baixando os dados de 2026-04... Sucesso!
Calculando para o ano de 2026...  Concluído!
Calculando para o ano de 2026...  Concluído!
Calculando o gasto por orgão para o ano de 2026...
1 de 2026 inserido em despesas_governo_federal!
2 de 2026 inserido em despesas_governo_federal!
3 de 2026 inserido em despesas_governo_federal!
4 de 2026 inserido em despesas_governo_federal!
Aviso: Arquivo dados_202605.json não encontrado. Pulando...
Aviso: Arquivo dados_202606.json não encontrado. Pulando...
Aviso: Arquivo dados_202607.json não encontrado. Pulando...
Aviso: Arquivo dados_202608.json não encontrado. Pulando...
Aviso: Arquivo dados_202609.json não encontrado. Pulando...
Aviso: Arquivo dados_202610.json não encontrado. Pulando...
Aviso: Arquivo dados_202611.json não encontrado. Pulando...
Aviso: Arquivo dados_202612.json não encontrado. Pulando...
Dados inseridos em soma_despesas_anuais_governo_federal!
Dados inseridos em soma_despesas_anuais_por_orgão!
Atualização concluída com sucesso!
Tentando atualização incremental...
Coleta dos dados...
Baixando os dados de 2026-04... Sucesso!
Calculando para o ano de 2026...  Concluído!
Calculando para o ano de 2026...  Concluído!
Calculando o gasto por orgão para o ano de 2026...
1 de 2026 inserido em despesas_governo_federal!
2 de 2026 inserido em despesas_governo_federal!
3 de 2026 inserido em despesas_governo_federal!
4 de 2026 inserido em despesas_governo_federal!
Aviso: Arquivo dados_202605.json não encontrado. Pulando...
Aviso: Arquivo dados_202606.json não encontrado. Pulando...
Aviso: Arquivo dados_202607.json não encontrado. Pulando...
Aviso: Arquivo dados_202608.json não encontrado. Pulando...
Aviso: Arquivo dados_202609.json não encontrado. Pulando...
Aviso: Arquivo dados_202610.json não encontrado. Pulando...
Aviso: Arquivo dados_202611.json não encontrado. Pulando...
Aviso: Arquivo dados_202612.json não encontrado. Pulando...
Dados inseridos em soma_despesas_anuais_governo_federal!
Dados inseridos em soma_despesas_anuais_por_orgão!
Atualização concluída com sucesso!
Tentando atualização incremental...
Coleta dos dados...
Baixando os dados de 2026-04... Sucesso!
Calculando para o ano de 2026...  Concluído!
Calculando para o ano de 2026...  Concluído!
Calculando o gasto por orgão para o ano de 2026...
1 de 2026 inserido em despesas_governo_federal!
2 de 2026 inserido em despesas_governo_federal!
3 de 2026 inserido em despesas_governo_federal!
4 de 2026 inserido em despesas_governo_federal!
Aviso: Arquivo dados_202605.json não encontrado. Pulando...
Aviso: Arquivo dados_202606.json não encontrado. Pulando...
Aviso: Arquivo dados_202607.json não encontrado. Pulando...
Aviso: Arquivo dados_202608.json não encontrado. Pulando...
Aviso: Arquivo dados_202609.json não encontrado. Pulando...
Aviso: Arquivo dados_202610.json não encontrado. Pulando...
Aviso: Arquivo dados_202611.json não encontrado. Pulando...
Aviso: Arquivo dados_202612.json não encontrado. Pulando...
Dados inseridos em soma_despesas_anuais_governo_federal!
Dados inseridos em soma_despesas_anuais_por_orgão!
Atualização concluída com sucesso!
Tentando atualização incremental...
Coleta dos dados...
Baixando os dados de 2026-04... Sucesso!
Calculando para o ano de 2026...  Concluído!
Calculando para o ano de 2026...  Concluído!
Calculando o gasto por orgão para o ano de 2026...
1 de 2026 inserido em despesas_governo_federal!
2 de 2026 inserido em despesas_governo_federal!
3 de 2026 inserido em despesas_governo_federal!
4 de 2026 inserido em despesas_governo_federal!
Aviso: Arquivo dados_202605.json não encontrado. Pulando...
Aviso: Arquivo dados_202606.json não encontrado. Pulando...
Aviso: Arquivo dados_202607.json não encontrado. Pulando...
Aviso: Arquivo dados_202608.json não encontrado. Pulando...
Aviso: Arquivo dados_202609.json não encontrado. Pulando...
Aviso: Arquivo dados_202610.json não encontrado. Pulando...
Aviso: Arquivo dados_202611.json não encontrado. Pulando...
Aviso: Arquivo dados_202612.json não encontrado. Pulando...
Dados inseridos em soma_despesas_anuais_governo_federal!
Dados inseridos em soma_despesas_anuais_por_orgão!
Atualização concluída com sucesso!
Tentando atualização incremental...
Coleta dos dados...
Baixando os dados de 2026-04... Sucesso!
Calculando para o ano de 2026...  Concluído!
Calculando para o ano de 2026...  Concluído!
Calculando o gasto por orgão para o ano de 2026...
1 de 2026 inserido em despesas_governo_federal!
2 de 2026 inserido em despesas_governo_federal!
3 de 2026 inserido em despesas_governo_federal!
4 de 2026 inserido em despesas_governo_federal!
Aviso: Arquivo dados_202605.json não encontrado. Pulando...
Aviso: Arquivo dados_202606.json não encontrado. Pulando...
Aviso: Arquivo dados_202607.json não encontrado. Pulando...
Aviso: Arquivo dados_202608.json não encontrado. Pulando...
Aviso: Arquivo dados_202609.json não encontrado. Pulando...
Aviso: Arquivo dados_202610.json não encontrado. Pulando...
Aviso: Arquivo dados_202611.json não encontrado. Pulando...
Aviso: Arquivo dados_202612.json não encontrado. Pulando...
Dados inseridos em soma_despesas_anuais_governo_federal!
Dados inseridos em soma_despesas_anuais_por_orgão!
Atualização concluída com sucesso!
Tentando atualização incremental...
Coleta dos dados...
Baixando os dados de 2026-04... Sucesso!
Calculando para o ano de 2026...  Concluído!
Calculando para o ano de 2026...  Concluído!
Calculando o gasto por orgão para o ano de 2026...
1 de 2026 inserido em despesas_governo_federal!
2 de 2026 inserido em despesas_governo_federal!
3 de 2026 inserido em despesas_governo_federal!
4 de 2026 inserido em despesas_governo_federal!
Aviso: Arquivo dados_202605.json não encontrado. Pulando...
Aviso: Arquivo dados_202606.json não encontrado. Pulando...
Aviso: Arquivo dados_202607.json não encontrado. Pulando...
Aviso: Arquivo dados_202608.json não encontrado. Pulando...
Aviso: Arquivo dados_202609.json não encontrado. Pulando...
Aviso: Arquivo dados_202610.json não encontrado. Pulando...
Aviso: Arquivo dados_202611.json não encontrado. Pulando...
Aviso: Arquivo dados_202612.json não encontrado. Pulando...
Dados inseridos em soma_despesas_anuais_governo_federal!
Dados inseridos em soma_despesas_anuais_por_orgão!
Atualização concluída com sucesso!
